// Jest Snapshot v1, https://goo.gl/fbAQLP

exports[`should correctly render ExpensesSummary with multiple expenses 1`] = `
<div>
  <h1>
    Viewing 
    23
     
    expenses
     totalling 
    $2,352,345.67
  </h1>
</div>
`;

exports[`should correctly render ExpensesSummary with one expense 1`] = `
<div>
  <h1>
    Viewing 
    1
     
    expense
     totalling 
    $2.35
  </h1>
</div>
`;
